
> @bocadoapp/backend@1.0.0 test
> node --experimental-vm-modules ../../node_modules/jest/bin/jest.js

(node:53442) ExperimentalWarning: VM Modules is an experimental feature and might change at any time
(Use `node --trace-warnings ...` to show where the warning was created)
(node:53441) ExperimentalWarning: VM Modules is an experimental feature and might change at any time
(Use `node --trace-warnings ...` to show where the warning was created)
PASS __tests__/baseRecipe.test.js
PASS __tests__/ingredient.test.js
FAIL __tests__/exchangeRate.test.js
  ● Test suite failed to run

    Jest encountered an unexpected token

    Jest failed to parse a file. This happens e.g. when your code or its dependencies use non-standard JavaScript syntax, or when Jest is not configured to support such syntax.

    Out of the box Jest supports Babel, which will be used to transform your files into valid JS based on your Babel configuration.

    By default "node_modules" folder is ignored by transformers.

    Here's what you can do:
     • If you are trying to use ECMAScript Modules, see https://jestjs.io/docs/ecmascript-modules for how to enable it.
     • If you are trying to use TypeScript, see https://jestjs.io/docs/getting-started#using-typescript
     • To have some of your "node_modules" files transformed, you can specify a custom "transformIgnorePatterns" in your config.
     • If you need a custom transformation, specify a "transform" option in your config.
     • If you simply want to mock your non-JS modules (e.g. binary assets) you can stub them out with the "moduleNameMapper" config option.

    You'll find more details and examples of these config options in the docs:
    https://jestjs.io/docs/configuration
    For information about custom transformations, see:
    https://jestjs.io/docs/code-transformation

    Details:

    SyntaxError: /app/apps/backend/src/controllers/exchangeRateController.js: Expecting Unicode escape sequence \uXXXX. (248:42)

      246 |     return res.status(200).json(rates);
      247 |   } catch {
    > 248 |     return res.status(500).json({ error: \'Internal server error\' });
          |                                           ^
      249 |   }
      250 | };
      251 |

      at constructor (../../node_modules/@babel/parser/src/parse-error.ts:95:45)
      at Parser.toParseError [as raise] (../../node_modules/@babel/parser/src/tokenizer/index.ts:1504:19)
      at Parser.raise [as readWord1] (../../node_modules/@babel/parser/src/tokenizer/index.ts:1440:16)
      at Parser.readWord1 [as readWord] (../../node_modules/@babel/parser/src/tokenizer/index.ts:1466:23)
      at Parser.readWord [as getTokenFromCode] (../../node_modules/@babel/parser/src/tokenizer/index.ts:1049:14)
      at Parser.getTokenFromCode [as nextToken] (../../node_modules/@babel/parser/src/tokenizer/index.ts:279:10)
      at Parser.nextToken [as next] (../../node_modules/@babel/parser/src/tokenizer/index.ts:122:10)
      at Parser.next [as eat] (../../node_modules/@babel/parser/src/tokenizer/index.ts:127:12)
      at Parser.eat [as parseObjectProperty] (../../node_modules/@babel/parser/src/parser/expression.ts:2325:14)
      at Parser.parseObjectProperty [as parseObjPropValue] (../../node_modules/@babel/parser/src/parser/expression.ts:2391:12)
      at Parser.parseObjPropValue [as parsePropertyDefinition] (../../node_modules/@babel/parser/src/parser/expression.ts:2231:17)
      at Parser.parsePropertyDefinition [as parseObjectLike] (../../node_modules/@babel/parser/src/parser/expression.ts:2098:21)
      at Parser.parseObjectLike [as parseExprAtom] (../../node_modules/@babel/parser/src/parser/expression.ts:1181:21)
      at Parser.parseExprAtom [as parseExprSubscripts] (../../node_modules/@babel/parser/src/parser/expression.ts:742:23)
      at Parser.parseExprSubscripts [as parseUpdate] (../../node_modules/@babel/parser/src/parser/expression.ts:721:21)
      at Parser.parseUpdate [as parseMaybeUnary] (../../node_modules/@babel/parser/src/parser/expression.ts:683:23)
      at Parser.parseMaybeUnary [as parseMaybeUnaryOrPrivate] (../../node_modules/@babel/parser/src/parser/expression.ts:417:14)
      at Parser.parseMaybeUnaryOrPrivate [as parseExprOps] (../../node_modules/@babel/parser/src/parser/expression.ts:429:23)
      at Parser.parseExprOps [as parseMaybeConditional] (../../node_modules/@babel/parser/src/parser/expression.ts:384:23)
      at Parser.parseMaybeConditional [as parseMaybeAssign] (../../node_modules/@babel/parser/src/parser/expression.ts:301:21)
      at parseMaybeAssign (../../node_modules/@babel/parser/src/parser/expression.ts:257:12)
      at Parser.callback [as allowInAnd] (../../node_modules/@babel/parser/src/parser/expression.ts:3197:12)
      at Parser.allowInAnd [as parseMaybeAssignAllowIn] (../../node_modules/@babel/parser/src/parser/expression.ts:256:17)
      at Parser.parseMaybeAssignAllowIn [as parseMaybeAssignAllowInOrVoidPattern] (../../node_modules/@babel/parser/src/parser/expression.ts:3311:17)
      at Parser.parseMaybeAssignAllowInOrVoidPattern [as parseExprListItem] (../../node_modules/@babel/parser/src/parser/expression.ts:2793:18)
      at Parser.parseExprListItem [as parseCallExpressionArguments] (../../node_modules/@babel/parser/src/parser/expression.ts:1042:14)
      at Parser.parseCallExpressionArguments [as parseCoverCallAndAsyncArrowHead] (../../node_modules/@babel/parser/src/parser/expression.ts:922:29)
      at Parser.parseCoverCallAndAsyncArrowHead [as parseSubscript] (../../node_modules/@babel/parser/src/parser/expression.ts:804:19)
      at Parser.parseSubscript [as parseSubscripts] (../../node_modules/@babel/parser/src/parser/expression.ts:763:19)
      at Parser.parseSubscripts [as parseExprSubscripts] (../../node_modules/@babel/parser/src/parser/expression.ts:748:17)
      at Parser.parseExprSubscripts [as parseUpdate] (../../node_modules/@babel/parser/src/parser/expression.ts:721:21)
      at Parser.parseUpdate [as parseMaybeUnary] (../../node_modules/@babel/parser/src/parser/expression.ts:683:23)
      at Parser.parseMaybeUnary [as parseMaybeUnaryOrPrivate] (../../node_modules/@babel/parser/src/parser/expression.ts:417:14)
      at Parser.parseMaybeUnaryOrPrivate [as parseExprOps] (../../node_modules/@babel/parser/src/parser/expression.ts:429:23)
      at Parser.parseExprOps [as parseMaybeConditional] (../../node_modules/@babel/parser/src/parser/expression.ts:384:23)
      at Parser.parseMaybeConditional [as parseMaybeAssign] (../../node_modules/@babel/parser/src/parser/expression.ts:301:21)
      at Parser.parseMaybeAssign [as parseExpressionBase] (../../node_modules/@babel/parser/src/parser/expression.ts:226:23)
      at parseExpressionBase (../../node_modules/@babel/parser/src/parser/expression.ts:217:39)
      at Parser.callback [as allowInAnd] (../../node_modules/@babel/parser/src/parser/expression.ts:3192:16)
      at Parser.allowInAnd [as parseExpression] (../../node_modules/@babel/parser/src/parser/expression.ts:217:17)
      at Parser.parseExpression [as parseReturnStatement] (../../node_modules/@babel/parser/src/parser/statement.ts:1115:28)
      at Parser.parseReturnStatement [as parseStatementContent] (../../node_modules/@babel/parser/src/parser/statement.ts:543:21)
      at Parser.parseStatementContent [as parseStatementLike] (../../node_modules/@babel/parser/src/parser/statement.ts:482:17)
      at Parser.parseStatementLike [as parseStatementListItem] (../../node_modules/@babel/parser/src/parser/statement.ts:431:17)
      at Parser.parseStatementListItem [as parseBlockOrModuleBlockBody] (../../node_modules/@babel/parser/src/parser/statement.ts:1444:16)
      at Parser.parseBlockOrModuleBlockBody [as parseBlockBody] (../../node_modules/@babel/parser/src/parser/statement.ts:1417:10)
      at Parser.parseBlockBody [as parseBlock] (../../node_modules/@babel/parser/src/parser/statement.ts:1385:10)
      at parseBlock (../../node_modules/@babel/parser/src/parser/statement.ts:1226:16)
      at Parser.callback [as withSmartMixTopicForbiddingContext] (../../node_modules/@babel/parser/src/parser/expression.ts:3171:14)
      at Parser.withSmartMixTopicForbiddingContext [as parseTryStatement] (../../node_modules/@babel/parser/src/parser/statement.ts:1224:14)
      at Parser.parseTryStatement [as parseStatementContent] (../../node_modules/@babel/parser/src/parser/statement.ts:549:21)
      at Parser.parseStatementContent [as parseStatementLike] (../../node_modules/@babel/parser/src/parser/statement.ts:482:17)
      at Parser.parseStatementLike [as parseStatementListItem] (../../node_modules/@babel/parser/src/parser/statement.ts:431:17)
      at Parser.parseStatementListItem [as parseBlockOrModuleBlockBody] (../../node_modules/@babel/parser/src/parser/statement.ts:1444:16)
      at Parser.parseBlockOrModuleBlockBody [as parseBlockBody] (../../node_modules/@babel/parser/src/parser/statement.ts:1417:10)
      at Parser.parseBlockBody [as parseBlock] (../../node_modules/@babel/parser/src/parser/statement.ts:1385:10)
      at Parser.parseBlock [as parseFunctionBody] (../../node_modules/@babel/parser/src/parser/expression.ts:2621:24)
      at Parser.parseFunctionBody [as parseArrowExpression] (../../node_modules/@babel/parser/src/parser/expression.ts:2562:10)
      at Parser.parseArrowExpression [as parseAsyncArrowFromCallExpression] (../../node_modules/@babel/parser/src/parser/expression.ts:1067:10)
      at Parser.parseAsyncArrowFromCallExpression [as parseCoverCallAndAsyncArrowHead] (../../node_modules/@babel/parser/src/parser/expression.ts:942:27)
      at Parser.parseCoverCallAndAsyncArrowHead [as parseSubscript] (../../node_modules/@babel/parser/src/parser/expression.ts:804:19)
      at Parser.parseSubscript [as parseSubscripts] (../../node_modules/@babel/parser/src/parser/expression.ts:763:19)
      at Parser.parseSubscripts [as parseExprSubscripts] (../../node_modules/@babel/parser/src/parser/expression.ts:748:17)
      at Parser.parseExprSubscripts [as parseUpdate] (../../node_modules/@babel/parser/src/parser/expression.ts:721:21)
      at Parser.parseUpdate [as parseMaybeUnary] (../../node_modules/@babel/parser/src/parser/expression.ts:683:23)
      at Parser.parseMaybeUnary [as parseMaybeUnaryOrPrivate] (../../node_modules/@babel/parser/src/parser/expression.ts:417:14)
      at Parser.parseMaybeUnaryOrPrivate [as parseExprOps] (../../node_modules/@babel/parser/src/parser/expression.ts:429:23)
      at Parser.parseExprOps [as parseMaybeConditional] (../../node_modules/@babel/parser/src/parser/expression.ts:384:23)
      at Parser.parseMaybeConditional [as parseMaybeAssign] (../../node_modules/@babel/parser/src/parser/expression.ts:301:21)
      at parseMaybeAssign (../../node_modules/@babel/parser/src/parser/expression.ts:257:12)
      at Parser.callback [as allowInAnd] (../../node_modules/@babel/parser/src/parser/expression.ts:3192:16)
      at Parser.allowInAnd [as parseMaybeAssignAllowIn] (../../node_modules/@babel/parser/src/parser/expression.ts:256:17)
      at Parser.parseMaybeAssignAllowIn [as parseVar] (../../node_modules/@babel/parser/src/parser/statement.ts:1587:18)
      at Parser.parseVar [as parseVarStatement] (../../node_modules/@babel/parser/src/parser/statement.ts:1251:10)
      at Parser.parseVarStatement [as parseStatementContent] (../../node_modules/@babel/parser/src/parser/statement.ts:612:21)
      at Parser.parseStatementContent [as parseStatementLike] (../../node_modules/@babel/parser/src/parser/statement.ts:482:17)
      at Parser.parseStatementLike [as parseStatementListItem] (../../node_modules/@babel/parser/src/parser/statement.ts:431:17)
      at Parser.parseStatementListItem (../../node_modules/@babel/parser/src/parser/statement.ts:2635:17)
      at Parser.parseExportDeclaration [as maybeParseExportDeclaration] (../../node_modules/@babel/parser/src/parser/statement.ts:2551:31)
      at Parser.maybeParseExportDeclaration [as parseExport] (../../node_modules/@babel/parser/src/parser/statement.ts:2432:29)
      at Parser.parseExport [as parseStatementContent] (../../node_modules/@babel/parser/src/parser/statement.ts:649:25)
      at Parser.parseStatementContent [as parseStatementLike] (../../node_modules/@babel/parser/src/parser/statement.ts:482:17)
      at Parser.parseStatementLike [as parseModuleItem] (../../node_modules/@babel/parser/src/parser/statement.ts:419:17)
      at Parser.parseModuleItem [as parseBlockOrModuleBlockBody] (../../node_modules/@babel/parser/src/parser/statement.ts:1443:16)
      at Parser.parseBlockOrModuleBlockBody [as parseBlockBody] (../../node_modules/@babel/parser/src/parser/statement.ts:1417:10)
      at Parser.parseBlockBody [as parseProgram] (../../node_modules/@babel/parser/src/parser/statement.ts:229:10)
      at Parser.parseProgram [as parseTopLevel] (../../node_modules/@babel/parser/src/parser/statement.ts:203:25)
      at Parser.parseTopLevel [as parse] (../../node_modules/@babel/parser/src/parser/index.ts:83:25)
      at parse (../../node_modules/@babel/parser/src/index.ts:86:38)
      at parser (../../node_modules/@babel/core/src/parser/index.ts:29:19)
          at parser.next (<anonymous>)
      at normalizeFile (../../node_modules/@babel/core/src/transformation/normalize-file.ts:50:24)
          at normalizeFile.next (<anonymous>)
      at run (../../node_modules/@babel/core/src/transformation/index.ts:41:36)
          at run.next (<anonymous>)
      at transform (../../node_modules/@babel/core/src/transform.ts:29:20)
          at transform.next (<anonymous>)
      at step (../../node_modules/gensync/index.js:261:32)
      at ../../node_modules/gensync/index.js:273:13
      at async.call.result.err.err (../../node_modules/gensync/index.js:223:11)

(node:53440) ExperimentalWarning: VM Modules is an experimental feature and might change at any time
(Use `node --trace-warnings ...` to show where the warning was created)
PASS __tests__/budget.test.js
PASS __tests__/superRecipe.test.js
PASS __tests__/cost.test.js
PASS __tests__/margin.test.js

Test Suites: 1 failed, 6 passed, 7 total
Tests:       24 passed, 24 total
Snapshots:   0 total
Time:        1.984 s, estimated 2 s
Ran all test suites.
npm error Lifecycle script `test` failed with error:
npm error code 1
npm error path /app/apps/backend
npm error workspace @bocadoapp/backend@1.0.0
npm error location /app/apps/backend
npm error command failed
npm error command sh -c node --experimental-vm-modules ../../node_modules/jest/bin/jest.js
